###############################################################################
#
# IAR ELF Linker V7.70.1.11437/W32 for ARM                03/Aug/2018  11:32:41
# Copyright 2007-2016 IAR Systems AB.
#
#    Output file  =  
#        D:\jwjeon\GitHub\ElecWeight\trunk\EWARM\ElecWeight\Exe\ElecWeight.out
#    Map file     =  
#        D:\jwjeon\GitHub\ElecWeight\trunk\EWARM\ElecWeight\List\ElecWeight.map
#    Command line =  
#        D:\jwjeon\GitHub\ElecWeight\trunk\EWARM\ElecWeight\Obj\comm2CON.o
#        D:\jwjeon\GitHub\ElecWeight\trunk\EWARM\ElecWeight\Obj\comm_USART.o
#        D:\jwjeon\GitHub\ElecWeight\trunk\EWARM\ElecWeight\Obj\commModbusRTU.o
#        D:\jwjeon\GitHub\ElecWeight\trunk\EWARM\ElecWeight\Obj\Crc.o
#        D:\jwjeon\GitHub\ElecWeight\trunk\EWARM\ElecWeight\Obj\DataConv.o
#        D:\jwjeon\GitHub\ElecWeight\trunk\EWARM\ElecWeight\Obj\equipment.o
#        D:\jwjeon\GitHub\ElecWeight\trunk\EWARM\ElecWeight\Obj\IO_Lib.o
#        D:\jwjeon\GitHub\ElecWeight\trunk\EWARM\ElecWeight\Obj\Isokinetic.o
#        D:\jwjeon\GitHub\ElecWeight\trunk\EWARM\ElecWeight\Obj\LoadSensor.o
#        D:\jwjeon\GitHub\ElecWeight\trunk\EWARM\ElecWeight\Obj\main.o
#        D:\jwjeon\GitHub\ElecWeight\trunk\EWARM\ElecWeight\Obj\PosSensor.o
#        D:\jwjeon\GitHub\ElecWeight\trunk\EWARM\ElecWeight\Obj\ServoControl.o
#        D:\jwjeon\GitHub\ElecWeight\trunk\EWARM\ElecWeight\Obj\startup_stm32f405xx.o
#        D:\jwjeon\GitHub\ElecWeight\trunk\EWARM\ElecWeight\Obj\stm32f4xx_hal.o
#        D:\jwjeon\GitHub\ElecWeight\trunk\EWARM\ElecWeight\Obj\stm32f4xx_hal_adc.o
#        D:\jwjeon\GitHub\ElecWeight\trunk\EWARM\ElecWeight\Obj\stm32f4xx_hal_adc_ex.o
#        D:\jwjeon\GitHub\ElecWeight\trunk\EWARM\ElecWeight\Obj\stm32f4xx_hal_cortex.o
#        D:\jwjeon\GitHub\ElecWeight\trunk\EWARM\ElecWeight\Obj\stm32f4xx_hal_dma.o
#        D:\jwjeon\GitHub\ElecWeight\trunk\EWARM\ElecWeight\Obj\stm32f4xx_hal_dma_ex.o
#        D:\jwjeon\GitHub\ElecWeight\trunk\EWARM\ElecWeight\Obj\stm32f4xx_hal_flash.o
#        D:\jwjeon\GitHub\ElecWeight\trunk\EWARM\ElecWeight\Obj\stm32f4xx_hal_flash_ex.o
#        D:\jwjeon\GitHub\ElecWeight\trunk\EWARM\ElecWeight\Obj\stm32f4xx_hal_flash_ramfunc.o
#        D:\jwjeon\GitHub\ElecWeight\trunk\EWARM\ElecWeight\Obj\stm32f4xx_hal_gpio.o
#        D:\jwjeon\GitHub\ElecWeight\trunk\EWARM\ElecWeight\Obj\stm32f4xx_hal_i2c.o
#        D:\jwjeon\GitHub\ElecWeight\trunk\EWARM\ElecWeight\Obj\stm32f4xx_hal_i2c_ex.o
#        D:\jwjeon\GitHub\ElecWeight\trunk\EWARM\ElecWeight\Obj\stm32f4xx_hal_iwdg.o
#        D:\jwjeon\GitHub\ElecWeight\trunk\EWARM\ElecWeight\Obj\stm32f4xx_hal_msp.o
#        D:\jwjeon\GitHub\ElecWeight\trunk\EWARM\ElecWeight\Obj\stm32f4xx_hal_pwr.o
#        D:\jwjeon\GitHub\ElecWeight\trunk\EWARM\ElecWeight\Obj\stm32f4xx_hal_pwr_ex.o
#        D:\jwjeon\GitHub\ElecWeight\trunk\EWARM\ElecWeight\Obj\stm32f4xx_hal_rcc.o
#        D:\jwjeon\GitHub\ElecWeight\trunk\EWARM\ElecWeight\Obj\stm32f4xx_hal_rcc_ex.o
#        D:\jwjeon\GitHub\ElecWeight\trunk\EWARM\ElecWeight\Obj\stm32f4xx_hal_spi.o
#        D:\jwjeon\GitHub\ElecWeight\trunk\EWARM\ElecWeight\Obj\stm32f4xx_hal_tim.o
#        D:\jwjeon\GitHub\ElecWeight\trunk\EWARM\ElecWeight\Obj\stm32f4xx_hal_tim_ex.o
#        D:\jwjeon\GitHub\ElecWeight\trunk\EWARM\ElecWeight\Obj\stm32f4xx_hal_uart.o
#        D:\jwjeon\GitHub\ElecWeight\trunk\EWARM\ElecWeight\Obj\stm32f4xx_it.o
#        D:\jwjeon\GitHub\ElecWeight\trunk\EWARM\ElecWeight\Obj\system_stm32f4xx.o
#        D:\jwjeon\GitHub\ElecWeight\trunk\EWARM\ElecWeight\Obj\TIK_CON.o
#        --redirect _Printf=_PrintfFull --redirect _Scanf=_ScanfFull -o
#        D:\jwjeon\GitHub\ElecWeight\trunk\EWARM\ElecWeight\Exe\ElecWeight.out
#        --map
#        D:\jwjeon\GitHub\ElecWeight\trunk\EWARM\ElecWeight\List\ElecWeight.map
#        --config D:\jwjeon\GitHub\ElecWeight\trunk\EWARM/stm32f405xx_flash.icf
#        --semihosting --entry __iar_program_start --vfe
#
###############################################################################

*******************************************************************************
*** RUNTIME MODEL ATTRIBUTES
***

CppFlavor                     = *
__Heap_Handler                = Basic
__SystemLibrary               = DLib
__dlib_dynamic_initialization = normal


*******************************************************************************
*** PLACEMENT SUMMARY
***

"A0":  place at 0x08000000 { ro section .intvec };
"P1":  place in [from 0x08000000 to 0x080fffff] { ro };
"P2":  place in [from 0x20000000 to 0x2001ffff] { rw, block CSTACK, block HEAP };
initialize by copy { rw };

  Section             Kind        Address    Size  Object
  -------             ----        -------    ----  ------
"A0":                                       0x188
  .intvec             ro code  0x08000000   0x188  startup_stm32f405xx.o [1]
                             - 0x08000188   0x188

"P1":                                      0x7d06
  .text               ro code  0x08000188  0x118a  xprintffull.o [3]
  .text               ro code  0x08001312    0x20  xmbtowc.o [3]
  .text               ro code  0x08001332     0xa  xsprout.o [3]
  .text               ro code  0x0800133c    0x16  strchr.o [5]
  .text               ro code  0x08001354    0x36  strlen.o [5]
  .text               ro code  0x0800138c    0x58  memchr.o [5]
  .text               ro code  0x080013e4     0xa  xmbcurmax.o [3]
  .text               ro code  0x080013f0    0xb0  xxmemxmalloc.o [3]
  .text               ro code  0x080014a0    0x1a  xwctomb.o [3]
  .text               ro code  0x080014bc    0x76  ABImemcpy_unaligned.o [5]
  .text               ro code  0x08001534    0x80  xxmemxfree.o [3]
  .text               ro code  0x080015b4    0xee  I64DivMod.o [5]
  .text               ro code  0x080016a2    0x44  xdnorm.o [4]
  .text               ro code  0x080016e8    0x2e  DblCmpLe.o [4]
  .text               ro code  0x08001718    0x2e  DblCmpGe.o [4]
  .text               ro code  0x08001748   0x114  xdscale.o [4]
  .text               ro code  0x0800185c    0x58  DblToI32.o [4]
  .text               ro code  0x080018b4    0x30  I32ToDbl.o [4]
  .text               ro code  0x080018e4   0x180  DblSub.o [4]
  .text               ro code  0x08001a64   0x1a2  DblMul.o [4]
  .text               ro code  0x08001c08   0x256  DblDiv.o [4]
  .text               ro code  0x08001e60    0x6c  localeconv.o [3]
  .text               ro code  0x08001ecc     0xe  div.o [3]
  .text               ro code  0x08001edc    0x14  setlocale.o [3]
  .text               ro code  0x08001ef0    0x60  xencoding_sb.o [3]
  .text               ro code  0x08001f50    0x2c  xgetmemchunk.o [3]
  .text               ro code  0x08001f7c     0x2  I64DivZer.o [5]
  .text               ro code  0x08001f80    0xe8  DblAdd.o [4]
  .text               ro code  0x08002068     0x2  xtls.o [3]
  .text               ro code  0x0800206c   0xcfc  ServoControl.o [1]
  .text               ro code  0x08002d68    0xa8  commModbusRTU.o [1]
  .text               ro code  0x08002e10   0xb3e  main.o [1]
  .text               ro code  0x08003950    0xf8  IO_Lib.o [1]
  .text               ro code  0x08003a48   0x4e0  Isokinetic.o [1]
  .text               ro code  0x08003f28    0x5a  Crc.o [1]
  .text               ro code  0x08003f84   0x556  stm32f4xx_hal_uart.o [1]
  .text               ro code  0x080044dc    0x34  stm32f4xx_hal.o [1]
  .text               ro code  0x08004510    0xde  stm32f4xx_hal_cortex.o [1]
  .text               ro code  0x080045f0    0xe2  stm32f4xx_hal_i2c.o [1]
  .text               ro code  0x080046d2    0x50  stm32f4xx_hal_iwdg.o [1]
  .text               ro code  0x08004724   0x6f4  stm32f4xx_hal_spi.o [1]
  .text               ro code  0x08004e18   0x39a  stm32f4xx_hal_tim.o [1]
  .text               ro code  0x080051b4   0x4b0  stm32f4xx_hal_adc.o [1]
  .text               ro code  0x08005664   0x100  TIK_CON.o [1]
  .text               ro code  0x08005764   0x43e  LoadSensor.o [1]
  .text               ro code  0x08005ba4    0x10  PosSensor.o [1]
  .text               ro code  0x08005bb4   0x1c4  DataConv.o [1]
  .text               ro code  0x08005d78   0x298  stm32f4xx_hal_rcc.o [1]
  .text               ro code  0x08006010   0x1d0  stm32f4xx_hal_rcc.o [1]
  .text               ro code  0x080061e0   0x18a  stm32f4xx_hal_adc_ex.o [1]
  .text               ro code  0x0800636c    0x4a  stm32f4xx_hal_tim_ex.o [1]
  .text               ro code  0x080063b8   0x1ec  stm32f4xx_hal_gpio.o [1]
  .text               ro code  0x080065a4    0x90  equipment.o [1]
  .text               ro code  0x08006634    0x66  ABImemset.o [5]
  .text               ro code  0x0800669c   0x110  comm2CON.o [1]
  .text               ro code  0x080067ac    0x34  sprintf.o [3]
  .text               ro code  0x080067e0   0x4c4  stm32f4xx_hal_msp.o [1]
  .text               ro code  0x08006ca4   0x410  stm32f4xx_hal_dma.o [1]
  .text               ro code  0x080070b4     0x2  stm32f4xx_hal_uart.o [1]
  .text               ro code  0x080070b6     0x2  stm32f4xx_hal_uart.o [1]
  .text               ro code  0x080070b8    0x28  stm32f4xx_hal.o [1]
  .text               ro code  0x080070e0     0xc  stm32f4xx_hal.o [1]
  .text               ro code  0x080070ec     0x2  stm32f4xx_hal_spi.o [1]
  .text               ro code  0x080070ee     0x2  stm32f4xx_hal_spi.o [1]
  .text               ro code  0x080070f0     0x2  stm32f4xx_hal_spi.o [1]
  .text               ro code  0x080070f2     0x2  stm32f4xx_hal_tim.o [1]
  .text               ro code  0x080070f4     0x2  stm32f4xx_hal_tim.o [1]
  .text               ro code  0x080070f6     0x2  stm32f4xx_hal_tim_ex.o [1]
  .text               ro code  0x080070f8     0x2  stm32f4xx_hal_tim.o [1]
  .text               ro code  0x080070fa     0x2  stm32f4xx_hal_tim_ex.o [1]
  .text               ro code  0x080070fc     0x2  stm32f4xx_hal_tim.o [1]
  .text               ro code  0x080070fe     0x2  stm32f4xx_hal_adc.o [1]
  .text               ro code  0x08007100     0x2  stm32f4xx_hal_adc.o [1]
  .text               ro code  0x08007104    0x90  DblToFlt.o [4]
  .text               ro code  0x08007194    0x4e  FltToDbl.o [4]
  .text               ro code  0x080071e4   0x45a  xsin.o [4]
  .text               ro code  0x08007640     0xc  errno.o [3]
  .text               ro code  0x0800764c   0x168  xquad.o [4]
  .text               ro code  0x080077b4    0x7a  xdint.o [4]
  .text               ro code  0x08007830    0x20  DblCmpEq.o [4]
  .text               ro code  0x08007850   0x1a8  fmod.o [4]
  .text               ro code  0x080079f8     0xc  iarEdom.o [5]
  .text               ro code  0x08007a04    0x8c  stm32f4xx_it.o [1]
  .text               ro code  0x08007a90    0x10  stm32f4xx_hal.o [1]
  .text               ro code  0x08007aa0    0x78  lz77_init_single.o [5]
  .text               ro code  0x08007b18    0x60  system_stm32f4xx.o [1]
  .text               ro code  0x08007b78    0x40  zero_init3.o [5]
  .text               ro code  0x08007bb8    0x28  data_init.o [5]
  .text               ro code  0x08007be0    0x22  fpinit_M.o [4]
  .iar.init_table     const    0x08007c04    0x20  - Linker created -
  .text               ro code  0x08007c24    0x1a  cmain.o [5]
  .text               ro code  0x08007c3e     0x4  low_level_init.o [3]
  .text               ro code  0x08007c42     0x4  exit.o [3]
  .text               ro code  0x08007c48     0xa  cexit.o [5]
  .text               ro code  0x08007c54    0x14  exit.o [6]
  .text               ro code  0x08007c68    0x10  startup_stm32f405xx.o [1]
  .text               ro code  0x08007c78     0xc  cstartup_M.o [5]
  .rodata             const    0x08007c84     0x8  system_stm32f4xx.o [1]
  .text               ro code  0x08007c8c     0x4  startup_stm32f405xx.o [1]
  .text               ro code  0x08007c90     0x4  startup_stm32f405xx.o [1]
  .text               ro code  0x08007c94     0x4  startup_stm32f405xx.o [1]
  .text               ro code  0x08007c98     0x4  startup_stm32f405xx.o [1]
  .text               ro code  0x08007c9c     0x4  startup_stm32f405xx.o [1]
  .text               ro code  0x08007ca0     0x4  startup_stm32f405xx.o [1]
  .text               ro code  0x08007ca4     0x4  startup_stm32f405xx.o [1]
  .text               ro code  0x08007ca8     0x4  startup_stm32f405xx.o [1]
  .text               ro code  0x08007cac     0x4  startup_stm32f405xx.o [1]
  .text               ro code  0x08007cb0     0x4  startup_stm32f405xx.o [1]
  .text               ro code  0x08007cb4     0x4  startup_stm32f405xx.o [1]
  .text               ro code  0x08007cb8     0x4  startup_stm32f405xx.o [1]
  .text               ro code  0x08007cbc     0x4  startup_stm32f405xx.o [1]
  .text               ro code  0x08007cc0     0x4  startup_stm32f405xx.o [1]
  .text               ro code  0x08007cc4     0x4  startup_stm32f405xx.o [1]
  .text               ro code  0x08007cc8     0x4  startup_stm32f405xx.o [1]
  .text               ro code  0x08007ccc     0x4  startup_stm32f405xx.o [1]
  .text               ro code  0x08007cd0     0x4  startup_stm32f405xx.o [1]
  .text               ro code  0x08007cd4     0x4  startup_stm32f405xx.o [1]
  .text               ro code  0x08007cd8     0x4  startup_stm32f405xx.o [1]
  .text               ro code  0x08007cdc     0x4  startup_stm32f405xx.o [1]
  .text               ro code  0x08007ce0     0x4  startup_stm32f405xx.o [1]
  .text               ro code  0x08007ce4     0x4  startup_stm32f405xx.o [1]
  .text               ro code  0x08007ce8     0x4  startup_stm32f405xx.o [1]
  .text               ro code  0x08007cec     0x4  startup_stm32f405xx.o [1]
  .text               ro code  0x08007cf0     0x4  startup_stm32f405xx.o [1]
  .text               ro code  0x08007cf4     0x4  startup_stm32f405xx.o [1]
  .text               ro code  0x08007cf8     0x4  startup_stm32f405xx.o [1]
  .text               ro code  0x08007cfc     0x4  startup_stm32f405xx.o [1]
  .text               ro code  0x08007d00     0x4  startup_stm32f405xx.o [1]
  .text               ro code  0x08007d04     0x4  startup_stm32f405xx.o [1]
  .text               ro code  0x08007d08     0x4  startup_stm32f405xx.o [1]
  .text               ro code  0x08007d0c     0x4  startup_stm32f405xx.o [1]
  .text               ro code  0x08007d10     0x4  startup_stm32f405xx.o [1]
  .text               ro code  0x08007d14     0x4  startup_stm32f405xx.o [1]
  .text               ro code  0x08007d18     0x4  startup_stm32f405xx.o [1]
  .text               ro code  0x08007d1c     0x4  startup_stm32f405xx.o [1]
  .text               ro code  0x08007d20     0x4  startup_stm32f405xx.o [1]
  .text               ro code  0x08007d24     0x4  startup_stm32f405xx.o [1]
  .text               ro code  0x08007d28     0x4  startup_stm32f405xx.o [1]
  .text               ro code  0x08007d2c     0x4  startup_stm32f405xx.o [1]
  .text               ro code  0x08007d30     0x4  startup_stm32f405xx.o [1]
  .text               ro code  0x08007d34     0x4  startup_stm32f405xx.o [1]
  .text               ro code  0x08007d38     0x4  startup_stm32f405xx.o [1]
  .text               ro code  0x08007d3c     0x4  startup_stm32f405xx.o [1]
  .text               ro code  0x08007d40     0x4  startup_stm32f405xx.o [1]
  .text               ro code  0x08007d44     0x4  startup_stm32f405xx.o [1]
  .text               ro code  0x08007d48     0x4  startup_stm32f405xx.o [1]
  .text               ro code  0x08007d4c     0x4  startup_stm32f405xx.o [1]
  .text               ro code  0x08007d50     0x4  startup_stm32f405xx.o [1]
  .text               ro code  0x08007d54     0x4  startup_stm32f405xx.o [1]
  .text               ro code  0x08007d58     0x4  startup_stm32f405xx.o [1]
  .text               ro code  0x08007d5c     0x4  startup_stm32f405xx.o [1]
  .text               ro code  0x08007d60     0x4  startup_stm32f405xx.o [1]
  .text               ro code  0x08007d64     0x4  startup_stm32f405xx.o [1]
  .text               ro code  0x08007d68     0x4  startup_stm32f405xx.o [1]
  .text               ro code  0x08007d6c     0x4  startup_stm32f405xx.o [1]
  .text               ro code  0x08007d70     0x4  startup_stm32f405xx.o [1]
  .text               ro code  0x08007d74     0x4  startup_stm32f405xx.o [1]
  .text               ro code  0x08007d78     0x4  startup_stm32f405xx.o [1]
  .text               ro code  0x08007d7c     0x4  startup_stm32f405xx.o [1]
  .text               ro code  0x08007d80     0x4  startup_stm32f405xx.o [1]
  .text               ro code  0x08007d84     0x4  startup_stm32f405xx.o [1]
  .text               ro code  0x08007d88     0x4  startup_stm32f405xx.o [1]
  .text               ro code  0x08007d8c     0x4  startup_stm32f405xx.o [1]
  .text               ro code  0x08007d90     0x4  startup_stm32f405xx.o [1]
  .text               ro code  0x08007d94     0x4  startup_stm32f405xx.o [1]
  .rodata             const    0x08007d98     0x0  zero_init3.o [5]
  .rodata             const    0x08007d98     0x0  lz77_init_single.o [5]
  Initializer bytes   const    0x08007d98    0xf6  <for P2-1>
                             - 0x08007e8e  0x7d06

"P2", part 1 of 3:                          0x5b8
  P2-1                         0x20000000   0x5b8  <Init block>
    .data             inited   0x20000000    0x80  ServoControl.o [1]
    .data             inited   0x20000080   0x238  Isokinetic.o [1]
    .data             inited   0x200002b8    0x70  LoadSensor.o [1]
    .data             inited   0x20000328    0xa8  main.o [1]
    .data             inited   0x200003d0    0x60  main.o [1]
    .data             inited   0x20000430    0x84  ServoControl.o [1]
    .data             inited   0x200004b4     0x4  system_stm32f4xx.o [1]
    __DLIB_PERTHREAD  inited   0x200004b8     0x4  errno.o [3]
    __DLIB_PERTHREAD  inited   0x200004bc    0x88  localeconv.o [3]
    __DLIB_PERTHREAD  inited   0x20000544    0x74  setlocale.o [3]
                             - 0x200005b8   0x5b8

"P2", part 2 of 3:                          0x600
  CSTACK                       0x200005b8   0x400  <Block>
    CSTACK            uninit   0x200005b8   0x400  <Block tail>
  HEAP                         0x200009b8   0x200  <Block>
    HEAP              uninit   0x200009b8   0x200  <Block tail>
                             - 0x20000bb8   0x600

"P2", part 3 of 3:                          0x844
  .bss                zero     0x20000bb8   0x168  main.o [1]
  .bss                zero     0x20000d20    0x64  comm_USART.o [1]
  .bss                zero     0x20000d84    0x64  comm_USART.o [1]
  .bss                zero     0x20000de8    0x64  comm_USART.o [1]
  .bss                zero     0x20000e4c    0x64  comm_USART.o [1]
  .bss                zero     0x20000eb0    0x64  LoadSensor.o [1]
  .bss                zero     0x20000f14    0x60  main.o [1]
  .bss                zero     0x20000f74    0x60  main.o [1]
  .bss                zero     0x20000fd4    0x60  main.o [1]
  .bss                zero     0x20001034    0x60  main.o [1]
  .bss                zero     0x20001094    0x60  main.o [1]
  .bss                zero     0x200010f4    0x48  main.o [1]
  .bss                zero     0x2000113c    0x40  main.o [1]
  .bss                zero     0x2000117c    0x40  main.o [1]
  .bss                zero     0x200011bc    0x40  main.o [1]
  .bss                zero     0x200011fc    0x38  DataConv.o [1]
  .bss                zero     0x20001234    0x38  Isokinetic.o [1]
  .bss                zero     0x2000126c    0x34  Isokinetic.o [1]
  .bss                zero     0x200012a0    0x34  Isokinetic.o [1]
  .bss                zero     0x200012d4    0x34  Isokinetic.o [1]
  .bss                zero     0x20001308    0x24  IO_Lib.o [1]
  .bss                zero     0x2000132c     0xc  Isokinetic.o [1]
  .bss                zero     0x20001338    0x24  ServoControl.o [1]
  .bss                zero     0x2000135c    0x10  main.o [1]
  .bss                zero     0x2000136c     0xc  Isokinetic.o [1]
  .bss                zero     0x20001378    0x10  ServoControl.o [1]
  .bss                zero     0x20001388     0x8  ServoControl.o [1]
  .bss                zero     0x20001390     0x8  ServoControl.o [1]
  .bss                zero     0x20001398     0x8  xxmemxmalloc.o [3]
  .bss                zero     0x200013a0     0x4  DataConv.o [1]
  .bss                zero     0x200013a4     0x4  equipment.o [1]
  .bss                zero     0x200013a8     0x4  IO_Lib.o [1]
  .bss                zero     0x200013ac     0x4  Isokinetic.o [1]
  .bss                zero     0x200013b0     0x4  main.o [1]
  .bss                zero     0x200013b4     0x4  main.o [1]
  .bss                zero     0x200013b8     0x4  PosSensor.o [1]
  .bss                zero     0x200013bc     0x4  ServoControl.o [1]
  .bss                zero     0x200013c0     0x4  ServoControl.o [1]
  .bss                zero     0x200013c4     0x4  stm32f4xx_hal.o [1]
  .bss                zero     0x200013c8     0x4  xgetmemchunk.o [3]
  .bss                zero     0x200013cc     0x3  commModbusRTU.o [1]
  .bss                zero     0x200013cf     0x1  comm_USART.o [1]
  .bss                zero     0x200013d0     0x2  Isokinetic.o [1]
  .bss                zero     0x200013d2     0x2  Isokinetic.o [1]
  .bss                zero     0x200013d4     0x2  Isokinetic.o [1]
  .bss                zero     0x200013d6     0x2  Isokinetic.o [1]
  .bss                zero     0x200013d8     0x2  Isokinetic.o [1]
  .bss                zero     0x200013da     0x2  Isokinetic.o [1]
  .bss                zero     0x200013dc     0x2  Isokinetic.o [1]
  .bss                zero     0x200013de     0x2  Isokinetic.o [1]
  .bss                zero     0x200013e0     0x2  Isokinetic.o [1]
  .bss                zero     0x200013e2     0x2  Isokinetic.o [1]
  .bss                zero     0x200013e4     0x2  Isokinetic.o [1]
  .bss                zero     0x200013e6     0x2  Isokinetic.o [1]
  .bss                zero     0x200013e8     0x2  Isokinetic.o [1]
  .bss                zero     0x200013ea     0x2  Isokinetic.o [1]
  .bss                zero     0x200013ec     0x2  Isokinetic.o [1]
  .bss                zero     0x200013ee     0x1  comm_USART.o [1]
  .bss                zero     0x200013ef     0x1  comm_USART.o [1]
  .bss                zero     0x200013f0     0x1  comm_USART.o [1]
  .bss                zero     0x200013f1     0x1  comm_USART.o [1]
  .bss                zero     0x200013f2     0x1  comm_USART.o [1]
  .bss                zero     0x200013f3     0x1  comm_USART.o [1]
  .bss                zero     0x200013f4     0x1  comm_USART.o [1]
  .bss                zero     0x200013f5     0x1  commModbusRTU.o [1]
  .bss                zero     0x200013f6     0x1  Isokinetic.o [1]
  .bss                zero     0x200013f7     0x1  Isokinetic.o [1]
  .bss                zero     0x200013f8     0x1  main.o [1]
  .bss                zero     0x200013f9     0x1  ServoControl.o [1]
  .bss                zero     0x200013fa     0x1  ServoControl.o [1]
                             - 0x200013fb   0x843


*******************************************************************************
*** INIT TABLE
***

          Address     Size
          -------     ----
Zero (__iar_zero_init3)
    1 destination range, total size 0x843:
          0x20000bb8  0x843

Copy/lz77 (__iar_lz77_init_single3)
    1 source range, total size 0xf6 (16% of destination):
          0x08007d98   0xf6
    1 destination range, total size 0x5b8:
          0x20000000  0x5b8



*******************************************************************************
*** MODULE SUMMARY
***

    Module                  ro code  ro data  rw data
    ------                  -------  -------  -------
D:\jwjeon\GitHub\ElecWeight\trunk\EWARM\ElecWeight\Obj: [1]
    Crc.o                        90
    DataConv.o                  452                60
    IO_Lib.o                    248                40
    Isokinetic.o              1 248       95      840
    LoadSensor.o              1 086       19      212
    PosSensor.o                  16                 4
    ServoControl.o            3 324       43      338
    TIK_CON.o                   256
    comm2CON.o                  272
    commModbusRTU.o             168                 4
    comm_USART.o                                  408
    equipment.o                 144                 4
    main.o                    2 878       45    1 393
    startup_stm32f405xx.o       676
    stm32f4xx_hal.o             120                 4
    stm32f4xx_hal_adc.o       1 204
    stm32f4xx_hal_adc_ex.o      394
    stm32f4xx_hal_cortex.o      222
    stm32f4xx_hal_dma.o       1 040
    stm32f4xx_hal_gpio.o        492
    stm32f4xx_hal_i2c.o         226
    stm32f4xx_hal_iwdg.o         80
    stm32f4xx_hal_msp.o       1 220
    stm32f4xx_hal_rcc.o       1 128
    stm32f4xx_hal_spi.o       1 786
    stm32f4xx_hal_tim.o         930
    stm32f4xx_hal_tim_ex.o       78
    stm32f4xx_hal_uart.o      1 370
    stm32f4xx_it.o              140
    system_stm32f4xx.o           96        8        4
    -------------------------------------------------
    Total:                   21 384      210    3 311

command line: [2]
    -------------------------------------------------
    Total:

dl7M_tlf.a: [3]
    div.o                        14
    errno.o                      12        1        4
    exit.o                        4
    localeconv.o                108       23      136
    low_level_init.o              4
    setlocale.o                  20       20      116
    sprintf.o                    52
    xencoding_sb.o               96
    xgetmemchunk.o               44                 4
    xmbcurmax.o                  10
    xmbtowc.o                    32
    xprintffull.o             4 490
    xsprout.o                    10
    xtls.o                        2
    xwctomb.o                    26
    xxmemxfree.o                128
    xxmemxmalloc.o              176                 8
    -------------------------------------------------
    Total:                    5 228       44      268

m7M_tls.a: [4]
    DblAdd.o                    232
    DblCmpEq.o                   32
    DblCmpGe.o                   46
    DblCmpLe.o                   46
    DblDiv.o                    598
    DblMul.o                    418
    DblSub.o                    384
    DblToFlt.o                  144
    DblToI32.o                   88
    FltToDbl.o                   78
    I32ToDbl.o                   48
    fmod.o                      424
    fpinit_M.o                   34
    xdint.o                     122
    xdnorm.o                     68
    xdscale.o                   276
    xquad.o                     360
    xsin.o                    1 114
    -------------------------------------------------
    Total:                    4 512

rt7M_tl.a: [5]
    ABImemcpy_unaligned.o       118
    ABImemset.o                 102
    I64DivMod.o                 238
    I64DivZer.o                   2
    cexit.o                      10
    cmain.o                      26
    cstartup_M.o                 12
    data_init.o                  40
    iarEdom.o                    12
    lz77_init_single.o          120
    memchr.o                     88
    strchr.o                     22
    strlen.o                     54
    zero_init3.o                 64
    -------------------------------------------------
    Total:                      908

shb_l.a: [6]
    exit.o                       20
    -------------------------------------------------
    Total:                       20

    Gaps                         58        2
    Linker created                        32    1 536
-----------------------------------------------------
    Grand Total:             32 110      288    5 115


*******************************************************************************
*** ENTRY LIST
***

Entry                      Address   Size  Type      Object
-----                      -------   ----  ----      ------
.iar.init_table$$Base   0x08007c04          --   Gb  - Linker created -
.iar.init_table$$Limit  0x08007c24          --   Gb  - Linker created -
?main                   0x08007c25         Code  Gb  cmain.o [5]
ADC_IRQHandler          0x08007a3b    0x6  Code  Gb  stm32f4xx_it.o [1]
ADC_Init                0x0800555f   0xe8  Code  Lc  stm32f4xx_hal_adc.o [1]
ADC_Value               0x20001308    0x2  Data  Gb  IO_Lib.o [1]
AHBPrescTable           0x08007b68   0x10  Data  Gb  system_stm32f4xx.o [1]
AMP_Out_Gain            0x200002b9    0x1  Data  Gb  LoadSensor.o [1]
AMP_PGA_Gain            0x200002b8    0x1  Data  Gb  LoadSensor.o [1]
AMP_REG                 0x200002c0   0x28  Data  Gb  LoadSensor.o [1]
AMP_Vref                0x20000310    0x4  Data  Gb  LoadSensor.o [1]
APBPrescTable           0x08007c84    0x8  Data  Gb  system_stm32f4xx.o [1]
ASCII_TBL               0x08006764   0x20  Data  Gb  comm2CON.o [1]
AbsPosLmtAWAY           0x2000138c    0x4  Data  Gb  ServoControl.o [1]
AbsPosLmtTWD            0x20001388    0x4  Data  Gb  ServoControl.o [1]
AmpRegData_Old          0x200002f4   0x14  Data  Gb  LoadSensor.o [1]
AngLPArm                0x200013c0    0x4  Data  Gb  ServoControl.o [1]
BiRefSide               0x20001260    0x2  Data  Gb  Isokinetic.o [1]
BusFault_Handler        0x08007a0b    0x2  Code  Gb  stm32f4xx_it.o [1]
ByteData2String         0x080066a5   0x18  Code  Gb  comm2CON.o [1]
CPU_LEDToggle           0x080039cd    0xa  Code  Gb  IO_Lib.o [1]
CRC16                   0x08003f55   0x2e  Code  Gb  Crc.o [1]
CRCok                   0x08003f29   0x2c  Code  Gb  Crc.o [1]
CSTACK$$Base            0x200005b8          --   Gb  - Linker created -
CSTACK$$Limit           0x200009b8          --   Gb  - Linker created -
CalibResetCnt           0x200002e8    0x2  Data  Gb  LoadSensor.o [1]
CmdForcedSensorCal      0x200002ba    0x1  Data  Gb  LoadSensor.o [1]
CmdOpPause              0x200013f9    0x1  Data  Gb  ServoControl.o [1]
Cnt10msec               0x200002b4    0x4  Data  Gb  Isokinetic.o [1]
CntSensorCalTerm        0x20000314    0x4  Data  Gb  LoadSensor.o [1]
CommEOFReceived         0x08002dc7   0x38  Code  Gb  commModbusRTU.o [1]
CommPCMode              0x200013f4    0x1  Data  Gb  comm_USART.o [1]
CommServo               0x080020b1  0x14e  Code  Gb  ServoControl.o [1]
CommonVarInit           0x08005677   0x10  Code  Gb  TIK_CON.o [1]
ConsoleCmd              0x20000431    0x1  Data  Gb  ServoControl.o [1]
ConsoleProcess          0x08003a55  0x338  Code  Gb  Isokinetic.o [1]
CurForceLP              0x20001208    0x4  Data  Gb  DataConv.o [1]
CurPosLP                0x20001204    0x4  Data  Gb  DataConv.o [1]
CurPosRel               0x20000464    0x4  Data  Gb  ServoControl.o [1]
CurSpdLP                0x200011fc    0x4  Data  Gb  DataConv.o [1]
DMA1_Stream0_IRQHandler
                        0x08007a23    0x6  Code  Gb  stm32f4xx_it.o [1]
DMA1_Stream3_IRQHandler
                        0x08007a29    0x6  Code  Gb  stm32f4xx_it.o [1]
DMA1_Stream5_IRQHandler
                        0x08007a2f    0x6  Code  Gb  stm32f4xx_it.o [1]
DMA1_Stream6_IRQHandler
                        0x08007a35    0x6  Code  Gb  stm32f4xx_it.o [1]
DMA2_Stream7_IRQHandler
                        0x08007a5f    0x6  Code  Gb  stm32f4xx_it.o [1]
DMA_CalcBaseAndBitshift
                        0x08007087   0x26  Code  Lc  stm32f4xx_hal_dma.o [1]
DMA_CalcBaseAndBitshift::flagBitshiftOffset
                        0x080070ac    0x8  Data  Lc  stm32f4xx_hal_dma.o [1]
DMA_SetConfig           0x08007069   0x1e  Code  Lc  stm32f4xx_hal_dma.o [1]
D_err                   0x20001340    0x8  Data  Gb  ServoControl.o [1]
Data2DecString          0x0800671d   0x46  Code  Gb  comm2CON.o [1]
Data2String             0x080066bd    0xa  Code  Gb  comm2CON.o [1]
DebugMon_Handler        0x08007a11    0x2  Code  Gb  stm32f4xx_it.o [1]
DebugOutIdx             0x200013f3    0x1  Data  Gb  comm_USART.o [1]
DebugVal1               0x2000044e    0x2  Data  Gb  ServoControl.o [1]
DebugVal3               0x20000450    0x2  Data  Gb  ServoControl.o [1]
ECCTorque               0x200013de    0x2  Data  Gb  Isokinetic.o [1]
ExerCntTickDir          0x20000447    0x1  Data  Gb  ServoControl.o [1]
FPCCommFail             0x20000083    0x1  Data  Gb  Isokinetic.o [1]
FlInitSensorCal         0x200002bc    0x1  Data  Gb  LoadSensor.o [1]
FlInitSensorCalSet      0x20000430    0x1  Data  Gb  ServoControl.o [1]
FlSensorCalEnable       0x200002bb    0x1  Data  Gb  LoadSensor.o [1]
GravityCor              0x2000123e    0x2  Data  Gb  Isokinetic.o [1]
GravityCorEn            0x2000123c    0x2  Data  Gb  Isokinetic.o [1]
HAL_ADCEx_InjectedConfigChannel
                        0x080061e1  0x162  Code  Gb  stm32f4xx_hal_adc_ex.o [1]
HAL_ADCEx_InjectedConvCpltCallback
                        0x08006369    0x2  Code  Wk  stm32f4xx_hal_adc_ex.o [1]
HAL_ADC_ConfigChannel   0x0800543b  0x10c  Code  Gb  stm32f4xx_hal_adc.o [1]
HAL_ADC_ConvCpltCallback
                        0x08002f11    0xa  Code  Gb  main.o [1]
HAL_ADC_ErrorCallback   0x08007101    0x2  Code  Wk  stm32f4xx_hal_adc.o [1]
HAL_ADC_GetValue        0x08005435    0x6  Code  Gb  stm32f4xx_hal_adc.o [1]
HAL_ADC_IRQHandler      0x0800530d  0x114  Code  Gb  stm32f4xx_hal_adc.o [1]
HAL_ADC_Init            0x080051b5   0x50  Code  Gb  stm32f4xx_hal_adc.o [1]
HAL_ADC_LevelOutOfWindowCallback
                        0x080070ff    0x2  Code  Wk  stm32f4xx_hal_adc.o [1]
HAL_ADC_MspInit         0x08006841   0x54  Code  Gb  stm32f4xx_hal_msp.o [1]
HAL_ADC_Start_IT        0x08005213   0x60  Code  Gb  stm32f4xx_hal_adc.o [1]
HAL_DMA_Abort           0x08006dfb   0x6e  Code  Gb  stm32f4xx_hal_dma.o [1]
HAL_DMA_Abort_IT        0x08006e75   0x24  Code  Gb  stm32f4xx_hal_dma.o [1]
HAL_DMA_IRQHandler      0x08006ea9  0x18c  Code  Gb  stm32f4xx_hal_dma.o [1]
HAL_DMA_Init            0x08006ca5   0xe6  Code  Gb  stm32f4xx_hal_dma.o [1]
HAL_DMA_Start_IT        0x08006d8b   0x64  Code  Gb  stm32f4xx_hal_dma.o [1]
HAL_GPIO_Init           0x080063b9  0x1a4  Code  Gb  stm32f4xx_hal_gpio.o [1]
HAL_GPIO_ReadPin        0x0800655d    0xc  Code  Gb  stm32f4xx_hal_gpio.o [1]
HAL_GPIO_TogglePin      0x08006571    0x8  Code  Gb  stm32f4xx_hal_gpio.o [1]
HAL_GPIO_WritePin       0x08006569    0x8  Code  Gb  stm32f4xx_hal_gpio.o [1]
HAL_GetTick             0x080070e1    0xc  Code  Wk  stm32f4xx_hal.o [1]
HAL_I2C_Init            0x080045f1   0xc0  Code  Gb  stm32f4xx_hal_i2c.o [1]
HAL_I2C_MspInit         0x08006895   0x4c  Code  Gb  stm32f4xx_hal_msp.o [1]
HAL_IWDG_Init           0x080046d3   0x44  Code  Gb  stm32f4xx_hal_iwdg.o [1]
HAL_IWDG_Refresh        0x08004717    0xc  Code  Gb  stm32f4xx_hal_iwdg.o [1]
HAL_IncTick             0x08007a91   0x10  Code  Wk  stm32f4xx_hal.o [1]
HAL_Init                0x080044dd   0x30  Code  Gb  stm32f4xx_hal.o [1]
HAL_InitTick            0x080070b9   0x28  Code  Wk  stm32f4xx_hal.o [1]
HAL_MspInit             0x080067e1   0x60  Code  Gb  stm32f4xx_hal_msp.o [1]
HAL_NVIC_EnableIRQ      0x0800457f    0xc  Code  Gb  stm32f4xx_hal_cortex.o [1]
HAL_NVIC_SetPriority    0x08004545   0x3a  Code  Gb  stm32f4xx_hal_cortex.o [1]
HAL_NVIC_SetPriorityGrouping
                        0x0800452b   0x1a  Code  Gb  stm32f4xx_hal_cortex.o [1]
HAL_RCC_ClockConfig     0x08006011  0x12a  Code  Gb  stm32f4xx_hal_rcc.o [1]
HAL_RCC_GetHCLKFreq     0x08006149    0x6  Code  Gb  stm32f4xx_hal_rcc.o [1]
HAL_RCC_GetPCLK1Freq    0x0800614f   0x10  Code  Gb  stm32f4xx_hal_rcc.o [1]
HAL_RCC_GetPCLK2Freq    0x0800615f    0xe  Code  Gb  stm32f4xx_hal_rcc.o [1]
HAL_RCC_GetSysClockFreq
                        0x0800618d   0x54  Code  Wk  stm32f4xx_hal_rcc.o [1]
HAL_RCC_OscConfig       0x08005d79  0x298  Code  Wk  stm32f4xx_hal_rcc.o [1]
HAL_SPI_Abort           0x080049b9   0x96  Code  Gb  stm32f4xx_hal_spi.o [1]
HAL_SPI_ErrorCallback   0x080070ed    0x2  Code  Wk  stm32f4xx_hal_spi.o [1]
HAL_SPI_IRQHandler      0x08004a83   0xf4  Code  Gb  stm32f4xx_hal_spi.o [1]
HAL_SPI_Init            0x08004725   0x76  Code  Gb  stm32f4xx_hal_spi.o [1]
HAL_SPI_MspInit         0x080068e1  0x12c  Code  Gb  stm32f4xx_hal_msp.o [1]
HAL_SPI_RxCpltCallback  0x080070ef    0x2  Code  Wk  stm32f4xx_hal_spi.o [1]
HAL_SPI_Transmit        0x0800479b  0x128  Code  Gb  stm32f4xx_hal_spi.o [1]
HAL_SPI_TransmitReceive_IT
                        0x08004909   0x94  Code  Gb  stm32f4xx_hal_spi.o [1]
HAL_SPI_TxRxCpltCallback
                        0x080070f1    0x2  Code  Wk  stm32f4xx_hal_spi.o [1]
HAL_SYSTICK_CLKSourceConfig
                        0x080045bb   0x14  Code  Gb  stm32f4xx_hal_cortex.o [1]
HAL_SYSTICK_Callback    0x080045ed    0x2  Code  Wk  stm32f4xx_hal_cortex.o [1]
HAL_SYSTICK_Config      0x08004593   0x28  Code  Gb  stm32f4xx_hal_cortex.o [1]
HAL_SYSTICK_IRQHandler  0x080045e9    0x4  Code  Gb  stm32f4xx_hal_cortex.o [1]
HAL_TIMEx_BreakCallback
                        0x080070f7    0x2  Code  Wk  stm32f4xx_hal_tim_ex.o [1]
HAL_TIMEx_CommutationCallback
                        0x080070fb    0x2  Code  Wk  stm32f4xx_hal_tim_ex.o [1]
HAL_TIMEx_MasterConfigSynchronization
                        0x0800636d   0x4a  Code  Gb  stm32f4xx_hal_tim_ex.o [1]
HAL_TIM_Base_Init       0x08004e19   0x1a  Code  Gb  stm32f4xx_hal_tim.o [1]
HAL_TIM_Base_MspInit    0x08006a3b   0x62  Code  Gb  stm32f4xx_hal_msp.o [1]
HAL_TIM_Base_Start_IT   0x08004e33   0x16  Code  Gb  stm32f4xx_hal_tim.o [1]
HAL_TIM_ConfigClockSource
                        0x08004fb7   0xa8  Code  Gb  stm32f4xx_hal_tim.o [1]
HAL_TIM_IC_CaptureCallback
                        0x080070f3    0x2  Code  Wk  stm32f4xx_hal_tim.o [1]
HAL_TIM_IRQHandler      0x08004e65  0x142  Code  Gb  stm32f4xx_hal_tim.o [1]
HAL_TIM_OC_DelayElapsedCallback
                        0x080070f5    0x2  Code  Wk  stm32f4xx_hal_tim.o [1]
HAL_TIM_PWM_PulseFinishedCallback
                        0x080070fd    0x2  Code  Wk  stm32f4xx_hal_tim.o [1]
HAL_TIM_PeriodElapsedCallback
                        0x08002e11   0x3a  Code  Gb  main.o [1]
HAL_TIM_TriggerCallback
                        0x080070f9    0x2  Code  Wk  stm32f4xx_hal_tim.o [1]
HAL_UART_ErrorCallback  0x080070b5    0x2  Code  Wk  stm32f4xx_hal_uart.o [1]
HAL_UART_IRQHandler     0x080040c9  0x14e  Code  Gb  stm32f4xx_hal_uart.o [1]
HAL_UART_Init           0x08003f85   0x28  Code  Gb  stm32f4xx_hal_uart.o [1]
HAL_UART_MspInit        0x08006a9d  0x120  Code  Gb  stm32f4xx_hal_msp.o [1]
HAL_UART_Receive_IT     0x08003ff3   0x4a  Code  Gb  stm32f4xx_hal_uart.o [1]
HAL_UART_RxCpltCallback
                        0x08002e4b   0xb0  Code  Gb  main.o [1]
HAL_UART_Transmit_DMA   0x08004043   0x74  Code  Gb  stm32f4xx_hal_uart.o [1]
HAL_UART_TxCpltCallback
                        0x08002efb   0x16  Code  Gb  main.o [1]
HAL_UART_TxHalfCpltCallback
                        0x080070b7    0x2  Code  Wk  stm32f4xx_hal_uart.o [1]
HEAP$$Base              0x200009b8          --   Gb  - Linker created -
HEAP$$Limit             0x20000bb8          --   Gb  - Linker created -
HardFault_Handler       0x08007a07    0x2  Code  Gb  stm32f4xx_it.o [1]
I_ASCII_TBL             0x08006784   0x28  Data  Gb  comm2CON.o [1]
I_err                   0x20001338    0x8  Data  Gb  ServoControl.o [1]
InitMidPointLoadVal     0x2000030c    0x4  Data  Gb  LoadSensor.o [1]
InitSensorRegisterData  0x0800577d   0x40  Code  Gb  LoadSensor.o [1]
IsUart2Received         0x08003817   0x12  Code  Gb  main.o [1]
IsoKineticParameterList
                        0x20000084  0x230  Data  Gb  Isokinetic.o [1]
IsoKineticSyncMode      0x200013f7    0x1  Data  Gb  Isokinetic.o [1]
IsoKineticTrainingMode  0x200013f6    0x1  Data  Gb  Isokinetic.o [1]
Isr_System_HyperTerm    0x08002b21  0x1c2  Code  Gb  ServoControl.o [1]
Isr_System_HyperTerm::pcBuffIndex
                        0x20000005    0x1  Data  Lc  ServoControl.o [1]
Isr_Uart1               0x08003829   0x40  Code  Gb  main.o [1]
JointChangeSeqState     0x200013fa    0x1  Data  Gb  ServoControl.o [1]
Kd                      0x20000030    0x8  Data  Gb  ServoControl.o [1]
Kd_term                 0x20000060    0x8  Data  Gb  ServoControl.o [1]
Ki                      0x20000028    0x8  Data  Gb  ServoControl.o [1]
Ki_term                 0x20000058    0x8  Data  Gb  ServoControl.o [1]
Kp                      0x20000020    0x8  Data  Gb  ServoControl.o [1]
Kp_term                 0x20000050    0x8  Data  Gb  ServoControl.o [1]
LEOrgSetState           0x200013e4    0x2  Data  Gb  Isokinetic.o [1]
LPArmMoment             0x2000120c    0x4  Data  Gb  DataConv.o [1]
LPF                     0x080039a5   0x28  Code  Gb  IO_Lib.o [1]
LdDataIdx               0x200002f0    0x2  Data  Gb  LoadSensor.o [1]
LdDataIdxIntervalTime   0x20000324    0x4  Data  Gb  LoadSensor.o [1]
LdDataIdxIntervalTimer  0x20000320    0x4  Data  Gb  LoadSensor.o [1]
LoadData                0x200013a8    0x4  Data  Gb  IO_Lib.o [1]
LoadDataAcquired        0x2000130c    0x4  Data  Gb  IO_Lib.o [1]
LoadDataArr             0x20000eb0   0x64  Data  Gb  LoadSensor.o [1]
LoadDataArrDiff         0x200002ea    0x2  Data  Gb  LoadSensor.o [1]
LoadDataCollect         0x08005ad9   0x38  Code  Gb  LoadSensor.o [1]
LoadDataFiltered        0x20001310    0x4  Data  Gb  IO_Lib.o [1]
LoadDataFiltered_10x    0x20001314    0x4  Data  Gb  IO_Lib.o [1]
LoadInt                 0x080007ef   0x6e  Code  Lc  xprintffull.o [3]
LoadValAcquired         0x2000031c    0x4  Data  Gb  LoadSensor.o [1]
LogIndex                0x20000080    0x1  Data  Gb  Isokinetic.o [1]
LogNum                  0x20000081    0x1  Data  Gb  Isokinetic.o [1]
LoggingPos              0x2000126c   0x34  Data  Gb  Isokinetic.o [1]
LoggingSpd              0x200012d4   0x34  Data  Gb  Isokinetic.o [1]
LoggingTrq              0x200012a0   0x34  Data  Gb  Isokinetic.o [1]
MX_ADC1_Init            0x080033c9   0x86  Code  Lc  main.o [1]
MX_GPIO_Init            0x080034ed   0xb4  Code  Lc  main.o [1]
MX_TIM2_Init            0x0800344f   0x3e  Code  Lc  main.o [1]
MX_TIM3_Init            0x0800348d   0x3a  Code  Lc  main.o [1]
MaxMinAveDataArr        0x08005b5d   0x46  Code  Gb  LoadSensor.o [1]
MemManage_Handler       0x08007a09    0x2  Code  Gb  stm32f4xx_it.o [1]
MidPointLoadVal         0x20000308    0x4  Data  Gb  LoadSensor.o [1]
ModCommDisconTimer      0x200013cd    0x1  Data  Gb  commModbusRTU.o [1]
NMI_Handler             0x08007a05    0x2  Code  Gb  stm32f4xx_it.o [1]
NVIC_SetPriority        0x08004511   0x1a  Code  Lc  stm32f4xx_hal_cortex.o [1]
OffsetPos               0x20001200    0x4  Data  Gb  DataConv.o [1]
OriginCmd               0x200013d2    0x2  Data  Gb  Isokinetic.o [1]
ParkAng                 0x200013a4    0x4  Data  Gb  equipment.o [1]
ParsingCmd              0x08003e03   0x94  Code  Gb  Isokinetic.o [1]
PendSV_Handler          0x08007a13    0x2  Code  Gb  stm32f4xx_it.o [1]
PosSensorProc           0x08005ba5   0x10  Code  Gb  PosSensor.o [1]
Pulse_Out               0x080036c3   0x20  Code  Gb  main.o [1]
ROMCalPos               0x200013d4    0x2  Data  Gb  Isokinetic.o [1]
ROMStartPos             0x20001242    0x2  Data  Gb  Isokinetic.o [1]
ROMStatus               0x20001240    0x2  Data  Gb  Isokinetic.o [1]
ROMStopPos              0x20001244    0x2  Data  Gb  Isokinetic.o [1]
ReadServoParaData       0x0800209d   0x12  Code  Gb  ServoControl.o [1]
RealCurTqLE             0x200013a0    0x4  Data  Gb  DataConv.o [1]
Region$$Table$$Base     0x08007c04          --   Gb  - Linker created -
Region$$Table$$Limit    0x08007c24          --   Gb  - Linker created -
ResetLoadDataArr        0x08005765   0x18  Code  Gb  LoadSensor.o [1]
SPI2_IRQHandler         0x08007a4d    0x6  Code  Gb  stm32f4xx_it.o [1]
SPI_2linesRxISR_16BIT   0x08004be9   0x2e  Code  Lc  stm32f4xx_hal_spi.o [1]
SPI_2linesRxISR_8BIT    0x08004b91   0x2c  Code  Lc  stm32f4xx_hal_spi.o [1]
SPI_2linesTxISR_16BIT   0x08004c19   0x2e  Code  Lc  stm32f4xx_hal_spi.o [1]
SPI_2linesTxISR_8BIT    0x08004bbd   0x2c  Code  Lc  stm32f4xx_hal_spi.o [1]
SPI_AbortRx_ISR         0x08004da9   0x58  Code  Lc  stm32f4xx_hal_spi.o [1]
SPI_AbortTx_ISR         0x08004e05   0x14  Code  Lc  stm32f4xx_hal_spi.o [1]
SPI_CheckFlag_BSY       0x08004cd3   0x20  Code  Lc  stm32f4xx_hal_spi.o [1]
SPI_CloseRxTx_ISR       0x08004cf3   0x5e  Code  Lc  stm32f4xx_hal_spi.o [1]
SPI_DMAAbortOnError     0x08004b85    0xc  Code  Lc  stm32f4xx_hal_spi.o [1]
SPI_WaitFlagStateUntilTimeout
                        0x08004c49   0x8a  Code  Lc  stm32f4xx_hal_spi.o [1]
SVC_Handler             0x08007a0f    0x2  Code  Gb  stm32f4xx_it.o [1]
Scheduler               0x08005665   0x12  Code  Gb  TIK_CON.o [1]
SensorAmpControl        0x080057bd   0x42  Code  Gb  LoadSensor.o [1]
SensorAmpControl::AmpREGAddr
                        0x200002ec    0x2  Data  Lc  LoadSensor.o [1]
SensorCal               0x08005801  0x29e  Code  Gb  LoadSensor.o [1]
SensorCal::bResetCnt    0x200002ee    0x2  Data  Lc  LoadSensor.o [1]
SensorCal::fChangeOffset
                        0x200002bd    0x1  Data  Lc  LoadSensor.o [1]
SensorState             0x2000125e    0x2  Data  Gb  Isokinetic.o [1]
ServoCommCmd            0x20000003    0x1  Data  Gb  ServoControl.o [1]
ServoCommSeqState       0x20000001    0x1  Data  Gb  ServoControl.o [1]
ServoCommSpeedCmd       0x20000008    0x8  Data  Gb  ServoControl.o [1]
ServoCommState          0x20000002    0x1  Data  Gb  ServoControl.o [1]
ServoControl            0x0800220d  0x2b0  Code  Gb  ServoControl.o [1]
ServoDirFwd             0x080039fd    0x6  Code  Gb  IO_Lib.o [1]
ServoDirRev             0x08003a03    0x6  Code  Gb  IO_Lib.o [1]
ServoGotoPos            0x08002663   0x28  Code  Gb  ServoControl.o [1]
ServoNormalSpeedRunCmd  0x0800206d   0x14  Code  Gb  ServoControl.o [1]
ServoOperationControl   0x080024bd  0x13a  Code  Gb  ServoControl.o [1]
ServoSVOff              0x080039f1    0x2  Code  Gb  IO_Lib.o [1]
ServoSVOn               0x080039ed    0x4  Code  Gb  IO_Lib.o [1]
ServoSVStopOff          0x08003a11    0x8  Code  Gb  IO_Lib.o [1]
ServoSVStopOn           0x08003a09    0x8  Code  Gb  IO_Lib.o [1]
ServoSpdModeOff         0x080039e7    0x6  Code  Gb  IO_Lib.o [1]
ServoSpdModeOn          0x080039e1    0x6  Code  Gb  IO_Lib.o [1]
ServoStateTimeoutCnt    0x20000456    0x2  Data  Gb  ServoControl.o [1]
SetLEOrg                0x200013e2    0x2  Data  Gb  Isokinetic.o [1]
SetServoIDLE            0x08003ec9    0x6  Code  Gb  Isokinetic.o [1]
SetServoState           0x08003eb3   0x16  Code  Gb  Isokinetic.o [1]
ShortData2String        0x0800669d    0x8  Code  Gb  comm2CON.o [1]
Spi2_rxBuff             0x20000d14    0xc  Data  Gb  main.o [1]
Spi2_txBuff             0x200003dc    0xc  Data  Gb  main.o [1]
String2Data             0x080066e9    0x2  Code  Gb  comm2CON.o [1]
SysStatus               0x20001268    0x4  Data  Gb  Isokinetic.o [1]
SysTick_Handler         0x08007a15    0xe  Code  Gb  stm32f4xx_it.o [1]
SystemClock_Config      0x08003313   0xb6  Code  Gb  main.o [1]
SystemCoreClock         0x200004b4    0x4  Data  Gb  system_stm32f4xx.o [1]
SystemIOProcess         0x080037bb   0x30  Code  Gb  main.o [1]
SystemIOProcess::iEstopPortStateCnt
                        0x200013b4    0x4  Data  Lc  main.o [1]
SystemInit              0x08007b19   0x3a  Code  Gb  system_stm32f4xx.o [1]
TIM2_IRQHandler         0x08007a41    0x6  Code  Gb  stm32f4xx_it.o [1]
TIM3_IRQHandler         0x08007a47    0x6  Code  Gb  stm32f4xx_it.o [1]
TIM_Base_SetConfig      0x08005087   0x90  Code  Gb  stm32f4xx_hal_tim.o [1]
TIM_ETR_SetConfig       0x0800519f   0x14  Code  Lc  stm32f4xx_hal_tim.o [1]
TIM_ITRx_SetConfig      0x0800518f   0x10  Code  Lc  stm32f4xx_hal_tim.o [1]
TIM_TI1_ConfigInputStage
                        0x08005149   0x22  Code  Lc  stm32f4xx_hal_tim.o [1]
TIM_TI2_ConfigInputStage
                        0x0800516b   0x24  Code  Lc  stm32f4xx_hal_tim.o [1]
Tick100mTimerCnt        0x2000046c    0x4  Data  Gb  ServoControl.o [1]
TickInterVal            0x20000468    0x4  Data  Gb  ServoControl.o [1]
UART_DMAAbortOnError    0x080042c9    0xc  Code  Lc  stm32f4xx_hal_uart.o [1]
UART_DMAError           0x0800424d   0x4a  Code  Lc  stm32f4xx_hal_uart.o [1]
UART_DMATransmitCplt    0x08004219   0x2a  Code  Lc  stm32f4xx_hal_uart.o [1]
UART_DMATxHalfCplt      0x08004245    0x6  Code  Lc  stm32f4xx_hal_uart.o [1]
UART_EndRxTransfer      0x080042a9   0x1c  Code  Lc  stm32f4xx_hal_uart.o [1]
UART_EndTxTransfer      0x08004297   0x12  Code  Lc  stm32f4xx_hal_uart.o [1]
UART_Receive_IT         0x080042d5   0x88  Code  Lc  stm32f4xx_hal_uart.o [1]
UART_SetConfig          0x0800435d  0x13a  Code  Lc  stm32f4xx_hal_uart.o [1]
USART1_IRQHandler       0x08007a53    0x6  Code  Gb  stm32f4xx_it.o [1]
USART2_IRQHandler       0x08007a59    0x6  Code  Gb  stm32f4xx_it.o [1]
Uart1TimeoutCnt         0x20000014    0x2  Data  Gb  ServoControl.o [1]
Uart1_TransmitStart     0x080037eb    0x8  Code  Gb  main.o [1]
Uart1_rxBuff            0x20000d84   0x64  Data  Gb  comm_USART.o [1]
Uart1_rxBuffIndex       0x200013cf    0x1  Data  Gb  comm_USART.o [1]
Uart1_txBuff            0x20000d20   0x64  Data  Gb  comm_USART.o [1]
Uart2_TransmitStart     0x080037f3    0x6  Code  Gb  main.o [1]
Uart2_rxBuff            0x20000e4c   0x64  Data  Gb  comm_USART.o [1]
Uart2_rxBuffIndex       0x200013ef    0x1  Data  Gb  comm_USART.o [1]
Uart2_rxBuffSize        0x200013f0    0x1  Data  Gb  comm_USART.o [1]
Uart2_txBuff            0x20000de8   0x64  Data  Gb  comm_USART.o [1]
Uart2_txBuffSize        0x200013ee    0x1  Data  Gb  comm_USART.o [1]
Uart3_TransmitStart     0x0800380f    0x8  Code  Gb  main.o [1]
Uart3_txBuff            0x20000d0c    0x8  Data  Gb  main.o [1]
Uart6_rxBuffIndex       0x200013f1    0x1  Data  Gb  comm_USART.o [1]
UpdateLoggingData       0x08003e97   0x1c  Code  Gb  Isokinetic.o [1]
UpdateTrainingParameterLeft
                        0x08003a49    0xc  Code  Gb  Isokinetic.o [1]
UsageFault_Handler      0x08007a0d    0x2  Code  Gb  stm32f4xx_it.o [1]
VariableInit            0x080035c7   0x40  Code  Gb  main.o [1]
WriteServoParaData      0x08002081    0xa  Code  Gb  ServoControl.o [1]
_EncodingSb_Mbtowc      0x08001f0b   0x30  Code  Gb  xencoding_sb.o [3]
_EncodingSb_Mbtowc::initial
                        0x08001f48    0x8  Data  Lc  xencoding_sb.o [3]
_EncodingSb_Wctomb      0x08001ef1   0x1a  Code  Gb  xencoding_sb.o [3]
_EncodingSb_Wctomb::initial
                        0x08001f40    0x8  Data  Lc  xencoding_sb.o [3]
_Error_Handler          0x0800394d    0x2  Code  Gb  main.o [1]
_GenldFull              0x08001075  0x254  Code  Lc  xprintffull.o [3]
_IsdstStr               0x20000548    0x4  Data  Gb  setlocale.o [3]
_LdtobFull              0x08000c75  0x3fa  Code  Lc  xprintffull.o [3]
_LitobFull              0x08000b69  0x10a  Code  Lc  xprintffull.o [3]
_LocaleEncoding         0x08001edd    0xe  Code  Gb  setlocale.o [3]
_LocaleReturnString     0x20000568   0x50  Data  Lc  setlocale.o [3]
_Locale_Profile         0x2000054c   0x1c  Data  Gb  setlocale.o [3]
_Locale_aeabi_lconv     0x2000050c   0x38  Data  Gb  localeconv.o [3]
_Locale_lconv           0x200004bc   0x50  Data  Gb  localeconv.o [3]
_Mbtowc                 0x08001313   0x20  Code  Gb  xmbtowc.o [3]
_PrintfFull             0x08000189  0x650  Code  Gb  xprintffull.o [3]
_PutcharsFull           0x080012c9   0x2e  Code  Lc  xprintffull.o [3]
_PutstrFull             0x0800085d  0x306  Code  Lc  xprintffull.o [3]
_SProut                 0x08001333    0xa  Code  Gb  xsprout.o [3]
_TzoneStr               0x20000544    0x4  Data  Gb  setlocale.o [3]
_Wctomb                 0x080014a1   0x1a  Code  Gb  xwctomb.o [3]
__aeabi_cdcmpeq         0x08007831         Code  Gb  DblCmpEq.o [4]
__aeabi_cdcmple         0x080016e9         Code  Gb  DblCmpLe.o [4]
__aeabi_cdrcmple        0x08001719         Code  Gb  DblCmpGe.o [4]
__aeabi_d2f             0x08007105         Code  Gb  DblToFlt.o [4]
__aeabi_d2iz            0x0800185d         Code  Gb  DblToI32.o [4]
__aeabi_d2uiz           0x08001889         Code  Gb  DblToI32.o [4]
__aeabi_dadd            0x08001f81         Code  Gb  DblAdd.o [4]
__aeabi_ddiv            0x08001c09         Code  Gb  DblDiv.o [4]
__aeabi_dmul            0x08001a65         Code  Gb  DblMul.o [4]
__aeabi_dsub            0x080018e5         Code  Gb  DblSub.o [4]
__aeabi_errno_addr      0x08007641    0x6  Code  Gb  errno.o [3]
__aeabi_f2d             0x08007195         Code  Gb  FltToDbl.o [4]
__aeabi_i2d             0x080018b5         Code  Gb  I32ToDbl.o [4]
__aeabi_ldiv0           0x08001f7d         Code  Gb  I64DivZer.o [5]
__aeabi_memset          0x08006635         Code  Gb  ABImemset.o [5]
__aeabi_ui2d            0x080018c9         Code  Gb  I32ToDbl.o [4]
__aeabi_uldivmod        0x080015b5         Code  Gb  I64DivMod.o [5]
__cmain                 0x08007c25         Code  Gb  cmain.o [5]
__data_Aldata           0x20001398    0x8  Data  Gb  xxmemxmalloc.o [3]
__data_GetMemChunk      0x08001f51   0x2c  Code  Gb  xgetmemchunk.o [3]
__data_GetMemChunk::start
                        0x200013c8    0x4  Data  Lc  xgetmemchunk.o [3]
__exit                  0x08007c55   0x14  Code  Gb  exit.o [6]
__iar_Dint              0x080077b5   0x7a  Code  Gb  xdint.o [4]
__iar_Dnorm             0x080016a3   0x44  Code  Gb  xdnorm.o [4]
__iar_Dscale            0x08001749  0x114  Code  Gb  xdscale.o [4]
__iar_Errno             0x200004b8    0x4  Data  Gb  errno.o [3]
__iar_Locale_lconv_init
                        0x08001e61   0x3a  Code  Gb  localeconv.o [3]
__iar_Mbcurmax          0x080013e5    0xa  Code  Gb  xmbcurmax.o [3]
__iar_Memchr            0x0800138d         Code  Gb  memchr.o [5]
__iar_Memset            0x08006635         Code  Gb  ABImemset.o [5]
__iar_Memset_word       0x0800663d         Code  Gb  ABImemset.o [5]
__iar_Quad              0x0800764d  0x12c  Code  Gb  xquad.o [4]
__iar_Sin               0x080071e5  0x3ac  Code  Gb  xsin.o [4]
__iar_Strchr            0x0800133d         Code  Gb  strchr.o [5]
__iar_d2uiz             0x08001895         Code  Gb  DblToI32.o [4]
__iar_dadd              0x08001f95         Code  Gb  DblAdd.o [4]
__iar_data_init3        0x08007bb9   0x28  Code  Gb  data_init.o [5]
__iar_dlib_perthread_access
                        0x08002069    0x2  Code  Gb  xtls.o [3]
__iar_dsub              0x080018f9         Code  Gb  DblSub.o [4]
__iar_dsubStart         0x0800190b         Code  Gb  DblSub.o [4]
__iar_edom              0x080079f9         Code  Gb  iarEdom.o [5]
__iar_fmod              0x08007851         Code  Gb  fmod.o [4]
__iar_fmodl             0x08007851         Code  Gb  fmod.o [4]
__iar_init_vfp          0x08007be1         Code  Gb  fpinit_M.o [4]
__iar_lz77_init_single3
                        0x08007aa1   0x78  Code  Gb  lz77_init_single.o [5]
__iar_program_start     0x08007c79         Code  Gb  cstartup_M.o [5]
__iar_ui2d              0x080018cd         Code  Gb  I32ToDbl.o [4]
__iar_unaligned___aeabi_memcpy
                        0x080014bd         Code  Gb  ABImemcpy_unaligned.o [5]
__iar_unaligned___aeabi_memcpy4
                        0x080014dd         Code  Gb  ABImemcpy_unaligned.o [5]
__iar_unaligned___aeabi_memcpy8
                        0x080014dd         Code  Gb  ABImemcpy_unaligned.o [5]
__iar_vfp___iar_Sin     0x0800762d   0x12  Code  Gb  xsin.o [4]
__iar_zero_init3        0x08007b79   0x40  Code  Gb  zero_init3.o [5]
__low_level_init        0x08007c3f    0x4  Code  Gb  low_level_init.o [3]
__vector_table          0x08000000         Data  Gb  startup_stm32f405xx.o [1]
_call_main              0x08007c31         Code  Gb  cmain.o [5]
_exit                   0x08007c49         Code  Gb  cexit.o [5]
_main                   0x08007c3b         Code  Gb  cmain.o [5]
awayPROM                0x200013d6    0x2  Data  Gb  Isokinetic.o [1]
awayPos                 0x20001246    0x2  Data  Gb  Isokinetic.o [1]
awayPosRel              0x200004a8    0x4  Data  Gb  ServoControl.o [1]
awaySetSpd              0x2000124a    0x2  Data  Gb  Isokinetic.o [1]
awaySetSpdRel           0x200004a4    0x4  Data  Gb  ServoControl.o [1]
b5msCnt                 0x20000bb8    0x1  Data  Gb  main.o [1]
bAlmRstCnt              0x200003d8    0x1  Data  Gb  main.o [1]
bCntEOF                 0x200013cc    0x1  Data  Gb  commModbusRTU.o [1]
bMeasureDir             0x20000449    0x1  Data  Gb  ServoControl.o [1]
bPCCommFailCnt          0x20000082    0x1  Data  Gb  Isokinetic.o [1]
bParaWriteIdx           0x20000439    0x1  Data  Gb  ServoControl.o [1]
bPulsePattern           0x200003bc   0x14  Data  Gb  main.o [1]
bRefSide                0x2000044d    0x1  Data  Gb  ServoControl.o [1]
bRetryCnt               0x2000043a    0x1  Data  Gb  ServoControl.o [1]
bSVCommFailCnt          0x20000004    0x1  Data  Gb  ServoControl.o [1]
bTotalParaWriteNum      0x20000438    0x1  Data  Gb  ServoControl.o [1]
baseLoad                0x20001250    0x2  Data  Gb  Isokinetic.o [1]
biSyncMode              0x200013e0    0x2  Data  Gb  Isokinetic.o [1]
changeCoordinate        0x08002a6d   0x94  Code  Gb  ServoControl.o [1]
checkCushion            0x080026e1   0x18  Code  Gb  ServoControl.o [1]
checkExerciseCount      0x080025f7   0x6c  Code  Gb  ServoControl.o [1]
checkHysteresis         0x08005d39   0x40  Code  Gb  DataConv.o [1]
commRcvState            0x200013ce    0x1  Data  Gb  commModbusRTU.o [1]
contractionMode         0x2000125a    0x2  Data  Gb  Isokinetic.o [1]
control                 0x20000068    0x8  Data  Gb  ServoControl.o [1]
control_incr            0x20001380    0x8  Data  Gb  ServoControl.o [1]
control_prev            0x20001348    0x8  Data  Gb  ServoControl.o [1]
conv_angle_Force_Torque
                        0x08005bb5  0x13a  Code  Gb  DataConv.o [1]
conv_angle_Force_Torque::ForceLPLowerOld
                        0x20001230    0x4  Data  Lc  DataConv.o [1]
conv_angle_Force_Torque::ForceLPOld
                        0x20001228    0x4  Data  Lc  DataConv.o [1]
conv_angle_Force_Torque::ForceLPUpperOld
                        0x2000122c    0x4  Data  Lc  DataConv.o [1]
conv_angle_Force_Torque::fPosLP3rdOlder
                        0x20001220    0x4  Data  Lc  DataConv.o [1]
conv_angle_Force_Torque::fPosLP4thOlder
                        0x20001224    0x4  Data  Lc  DataConv.o [1]
conv_angle_Force_Torque::fPosLPOld
                        0x20001218    0x4  Data  Lc  DataConv.o [1]
conv_angle_Force_Torque::fPosLPOlder
                        0x2000121c    0x4  Data  Lc  DataConv.o [1]
curPos                  0x20001236    0x2  Data  Gb  Isokinetic.o [1]
curSpd                  0x20001238    0x2  Data  Gb  Isokinetic.o [1]
curTrq                  0x2000123a    0x2  Data  Gb  Isokinetic.o [1]
cushionSet              0x20001252    0x2  Data  Gb  Isokinetic.o [1]
debugOut                0x08005687   0x7a  Code  Gb  TIK_CON.o [1]
div                     0x08001ecd    0xe  Code  Gb  div.o [3]
dt                      0x20000018    0x8  Data  Gb  ServoControl.o [1]
err                     0x20000040    0x8  Data  Gb  ServoControl.o [1]
exit                    0x08007c43    0x4  Code  Gb  exit.o [3]
f10msecTick             0x200003d3    0x1  Data  Gb  main.o [1]
f2msecTick              0x200003d1    0x1  Data  Gb  main.o [1]
f5msecTick              0x200003d2    0x1  Data  Gb  main.o [1]
fAdcConv                0x200003d7    0x1  Data  Gb  main.o [1]
fBiRefSide              0x20000446    0x1  Data  Gb  ServoControl.o [1]
fConModeAway            0x20000442    0x1  Data  Gb  ServoControl.o [1]
fConModeToward          0x20000443    0x1  Data  Gb  ServoControl.o [1]
fCrossMode              0x2000044c    0x1  Data  Gb  ServoControl.o [1]
fDoCheckCushion         0x2000044b    0x1  Data  Gb  ServoControl.o [1]
fEccEn                  0x20000445    0x1  Data  Gb  ServoControl.o [1]
fForceCalcTick          0x200003d6    0x1  Data  Gb  main.o [1]
fInitExercise           0x2000043b    0x1  Data  Gb  ServoControl.o [1]
fInitROM                0x2000043c    0x1  Data  Gb  ServoControl.o [1]
fInt_Scheduler          0x200003d0    0x1  Data  Gb  main.o [1]
fIsotonicMode           0x20001234    0x1  Data  Gb  Isokinetic.o [1]
fIsotonicModeInit       0x20001235    0x1  Data  Gb  Isokinetic.o [1]
fLEDToggleTick          0x200003d4    0x1  Data  Gb  main.o [1]
fLPAngScale             0x20001214    0x4  Data  Gb  DataConv.o [1]
fLPForceScale           0x20001210    0x4  Data  Gb  DataConv.o [1]
fLoadApplied            0x2000044a    0x1  Data  Gb  ServoControl.o [1]
fMeasureDir             0x20000444    0x1  Data  Gb  ServoControl.o [1]
fModCommFail            0x200013f5    0x1  Data  Gb  commModbusRTU.o [1]
fMotorDir               0x20000441    0x1  Data  Gb  ServoControl.o [1]
fMotorDirRel            0x2000045a    0x1  Data  Gb  ServoControl.o [1]
fServoOff               0x2000043e    0x1  Data  Gb  ServoControl.o [1]
fServoOn                0x2000043d    0x1  Data  Gb  ServoControl.o [1]
fServoStart             0x20000000    0x1  Data  Gb  ServoControl.o [1]
fStopOff                0x20000440    0x1  Data  Gb  ServoControl.o [1]
fStopOn                 0x2000043f    0x1  Data  Gb  ServoControl.o [1]
fTempMotorDirRel        0x20000448    0x1  Data  Gb  ServoControl.o [1]
fUart2Received          0x200013f2    0x1  Data  Gb  comm_USART.o [1]
fmod                    0x08007851         Code  Gb  fmod.o [4]
fmodl                   0x08007851         Code  Gb  fmod.o [4]
free                    0x08001535   0x7a  Code  Gb  xxmemxfree.o [3]
getEstopState           0x08003a19   0x10  Code  Gb  IO_Lib.o [1]
getLoadData             0x08003951   0x54  Code  Gb  IO_Lib.o [1]
getLoadData::LoadDataFiltered_10x_Old
                        0x20001320    0x4  Data  Lc  IO_Lib.o [1]
getLoadData::out        0x20001318    0x4  Data  Lc  IO_Lib.o [1]
getLoadData::out1       0x2000131c    0x4  Data  Lc  IO_Lib.o [1]
getLoadData::prev       0x20001324    0x4  Data  Lc  IO_Lib.o [1]
getLoadData::prev1      0x20001328    0x4  Data  Lc  IO_Lib.o [1]
gotoPosCmd              0x200013da    0x2  Data  Gb  Isokinetic.o [1]
gotoPosSpd              0x200013dc    0x2  Data  Gb  Isokinetic.o [1]
hadc1                   0x200010f4   0x48  Data  Gb  main.o [1]
hdma_spi3_rx            0x20000f14   0x60  Data  Gb  main.o [1]
hdma_spi3_tx            0x20000f74   0x60  Data  Gb  main.o [1]
hdma_usart1_tx          0x20000fd4   0x60  Data  Gb  main.o [1]
hdma_usart2_tx          0x20001034   0x60  Data  Gb  main.o [1]
hdma_usart3_tx          0x20001094   0x60  Data  Gb  main.o [1]
hi2c1                   0x20000c6c   0x54  Data  Gb  main.o [1]
hiwdg                   0x20000d00    0xc  Data  Gb  main.o [1]
hspi1                   0x20000328   0x58  Data  Gb  main.o [1]
hspi2                   0x20000bbc   0x58  Data  Gb  main.o [1]
hspi3                   0x20000c14   0x58  Data  Gb  main.o [1]
htim2                   0x200003e8   0x3c  Data  Gb  main.o [1]
htim3                   0x20000380   0x3c  Data  Gb  main.o [1]
huart1                  0x2000113c   0x40  Data  Gb  main.o [1]
huart2                  0x2000117c   0x40  Data  Gb  main.o [1]
huart3                  0x200011bc   0x40  Data  Gb  main.o [1]
huart6                  0x20000cc0   0x40  Data  Gb  main.o [1]
hyperBuffIndex          0x200013f8    0x1  Data  Lc  main.o [1]
iAbsCurLoad             0x2000047c    0x4  Data  Gb  ServoControl.o [1]
iAccSpd                 0x2000045c    0x4  Data  Gb  ServoControl.o [1]
iAccSpdOld              0x20000490    0x4  Data  Gb  ServoControl.o [1]
iCPUTick1msecCnt        0x20000428    0x4  Data  Gb  main.o [1]
iCurLoad                0x20000474    0x4  Data  Gb  ServoControl.o [1]
iCurLoadRel             0x20000478    0x4  Data  Gb  ServoControl.o [1]
iCurPos                 0x20000480    0x4  Data  Gb  ServoControl.o [1]
iCurPosRel              0x20000484    0x4  Data  Gb  ServoControl.o [1]
iCurTonicSpd            0x20000494    0x4  Data  Gb  ServoControl.o [1]
iCushionBaseLenth       0x200004b0    0x4  Data  Gb  ServoControl.o [1]
iFollowBand             0x2000049c    0x4  Data  Gb  ServoControl.o [1]
iLEDTogglCnt            0x20000424    0x4  Data  Gb  main.o [1]
iNormAcc                0x20000498    0x4  Data  Gb  ServoControl.o [1]
iRomCushionAway         0x20000488    0x4  Data  Gb  ServoControl.o [1]
iRomCushionTwd          0x2000048c    0x4  Data  Gb  ServoControl.o [1]
iServoCmdPos            0x2000007c    0x4  Data  Gb  ServoControl.o [1]
iServoIncr              0x20001390    0x4  Data  Gb  ServoControl.o [1]
iServoIncrOld           0x20001394    0x4  Data  Gb  ServoControl.o [1]
iServoLoadRate          0x20000016    0x2  Data  Gb  ServoControl.o [1]
iSysStatus              0x20000458    0x2  Data  Gb  ServoControl.o [1]
iUsart1IrqCnt           0x200013b0    0x4  Data  Gb  main.o [1]
imaxSpeed               0x20000460    0x4  Data  Gb  ServoControl.o [1]
initEquipCommonVar      0x080065a5   0x2a  Code  Gb  equipment.o [1]
initEquipVar            0x080065cf   0x24  Code  Gb  equipment.o [1]
initExerciseModeVariable
                        0x080028a9   0xce  Code  Gb  ServoControl.o [1]
initRomModeVariable     0x08002977   0x2e  Code  Gb  ServoControl.o [1]
isokineticControl       0x08002865   0x44  Code  Gb  ServoControl.o [1]
isotonicControl         0x08002a39   0x2a  Code  Gb  ServoControl.o [1]
isotonicLoad            0x20001266    0x2  Data  Gb  Isokinetic.o [1]
jogMode                 0x200013e6    0x2  Data  Gb  Isokinetic.o [1]
jogSpeed                0x20001262    0x2  Data  Gb  Isokinetic.o [1]
jointChangeCmd          0x20001264    0x2  Data  Gb  Isokinetic.o [1]
jointSel                0x20001256    0x2  Data  Gb  Isokinetic.o [1]
lPulseCnt               0x20001368    0x4  Data  Gb  main.o [1]
lServoPulseAddCnt       0x20000074    0x4  Data  Gb  ServoControl.o [1]
lServoPulseAddCntPrev   0x20000078    0x4  Data  Gb  ServoControl.o [1]
lStartPosition          0x200013ac    0x4  Data  Gb  Isokinetic.o [1]
lTotalPositionCount     0x20000070    0x4  Data  Gb  ServoControl.o [1]
lTotalPositionCountOut  0x200013bc    0x4  Data  Gb  ServoControl.o [1]
legSel                  0x20001258    0x2  Data  Gb  Isokinetic.o [1]
loadEccLimit            0x200013e8    0x2  Data  Gb  Isokinetic.o [1]
load_diff               0x20000038    0x8  Data  Gb  ServoControl.o [1]
load_thr                0x20001358    0x4  Data  Gb  ServoControl.o [1]
load_value              0x20001350    0x8  Data  Gb  ServoControl.o [1]
localeconv              0x08001e9b   0x16  Code  Gb  localeconv.o [3]
main                    0x08002f1d  0x3f6  Code  Gb  main.o [1]
makeModbusReadFrame     0x08002d69   0x2a  Code  Gb  commModbusRTU.o [1]
makeModbusWriteFrame    0x08002d93   0x34  Code  Gb  commModbusRTU.o [1]
makeServoIncreement     0x0800268b   0x56  Code  Gb  ServoControl.o [1]
makeSpeedEachSide       0x08002711  0x146  Code  Gb  ServoControl.o [1]
makeTimeTick            0x08003607   0xbc  Code  Gb  main.o [1]
makeTimeTick::i1msecCnt
                        0x2000042c    0x4  Data  Lc  main.o [1]
malloc                  0x080013f1   0xac  Code  Gb  xxmemxmalloc.o [3]
memchr                  0x0800138d         Code  Gb  memchr.o [5]
opLoad                  0x20001254    0x2  Data  Gb  Isokinetic.o [1]
opVarInit               0x080029a5   0x76  Code  Gb  ServoControl.o [1]
outServoPulse           0x080036e3   0xd8  Code  Gb  main.o [1]
outServoPulse::PlsRemainIntvl
                        0x20001364    0x2  Data  Lc  main.o [1]
outServoPulse::PlsTrainCnt
                        0x20001362    0x2  Data  Lc  main.o [1]
outServoPulse::RemainPulse
                        0x20001360    0x2  Data  Lc  main.o [1]
outServoPulse::RgrPulseCnt
                        0x2000135c    0x2  Data  Lc  main.o [1]
outServoPulse::RgrPulseCompenPeriod
                        0x2000135e    0x2  Data  Lc  main.o [1]
paraAddrList            0x2000132c    0xc  Data  Gb  Isokinetic.o [1]
paraDataList            0x2000136c    0xc  Data  Gb  Isokinetic.o [1]
paraWriteCmd            0x200013ea    0x2  Data  Gb  Isokinetic.o [1]
paraWriteNum            0x200013ec    0x2  Data  Gb  Isokinetic.o [1]
pprev_err               0x20001378    0x8  Data  Gb  ServoControl.o [1]
prev_err                0x20000048    0x8  Data  Gb  ServoControl.o [1]
reduceSpeed             0x08002705    0xc  Code  Gb  ServoControl.o [1]
servoErrCnt             0x20000470    0x4  Data  Gb  ServoControl.o [1]
servoExerciseState      0x20000436    0x1  Data  Gb  ServoControl.o [1]
servoOrgState           0x20000433    0x1  Data  Gb  ServoControl.o [1]
servoParaWriteState     0x20000437    0x1  Data  Gb  ServoControl.o [1]
servoROMState           0x20000435    0x1  Data  Gb  ServoControl.o [1]
servoStartPosState      0x20000434    0x1  Data  Gb  ServoControl.o [1]
servoState              0x20000432    0x1  Data  Gb  ServoControl.o [1]
setMotorDir             0x080026f9    0xc  Code  Gb  ServoControl.o [1]
sprintf                 0x080067ad   0x34  Code  Gb  sprintf.o [3]
strchr                  0x0800133d         Code  Gb  strchr.o [5]
strlen                  0x08001355         Code  Gb  strlen.o [5]
systemControl           0x2000125c    0x2  Data  Gb  Isokinetic.o [1]
systemStatus            0x200013d0    0x2  Data  Gb  Isokinetic.o [1]
t50usecToggle           0x200003d5    0x1  Data  Gb  main.o [1]
targetPos               0x2000124e    0x2  Data  Gb  Isokinetic.o [1]
towardPROM              0x200013d8    0x2  Data  Gb  Isokinetic.o [1]
towardPos               0x20001248    0x2  Data  Gb  Isokinetic.o [1]
towardPosRel            0x200004ac    0x4  Data  Gb  ServoControl.o [1]
towardSetSpd            0x2000124c    0x2  Data  Gb  Isokinetic.o [1]
towardSetSpdRel         0x200004a0    0x4  Data  Gb  ServoControl.o [1]
uwTick                  0x200013c4    0x4  Data  Gb  stm32f4xx_hal.o [1]
wBaseLoad               0x20000454    0x2  Data  Gb  ServoControl.o [1]
wLoadSensorData         0x20000318    0x4  Data  Gb  LoadSensor.o [1]
wMaxSpeed               0x20000452    0x2  Data  Gb  ServoControl.o [1]
wParaWriteAddr          0x20000010    0x2  Data  Gb  ServoControl.o [1]
wParaWriteData          0x20000012    0x2  Data  Gb  ServoControl.o [1]
wPosSensorFrameErrCnt   0x200013b8    0x4  Data  Gb  PosSensor.o [1]


[1] = D:\jwjeon\GitHub\ElecWeight\trunk\EWARM\ElecWeight\Obj
[2] = command line
[3] = dl7M_tlf.a
[4] = m7M_tls.a
[5] = rt7M_tl.a
[6] = shb_l.a

  32 110 bytes of readonly  code memory
     288 bytes of readonly  data memory
   5 115 bytes of readwrite data memory

Errors: none
Warnings: none
